Archive member included to satisfy reference by file (symbol)

../hello_nios_bsp/\libhal_bsp.a(alt_load.o)
                              ../hello_nios_bsp//obj/HAL/src/crt0.o (alt_load)
../hello_nios_bsp/\libhal_bsp.a(alt_main.o)
                              ../hello_nios_bsp//obj/HAL/src/crt0.o (alt_main)
../hello_nios_bsp/\libhal_bsp.a(alt_sys_init.o)
                              ../hello_nios_bsp/\libhal_bsp.a(alt_main.o) (alt_irq_init)
../hello_nios_bsp/\libhal_bsp.a(alt_dcache_flush_all.o)
                              ../hello_nios_bsp/\libhal_bsp.a(alt_load.o) (alt_dcache_flush_all)
../hello_nios_bsp/\libhal_bsp.a(alt_icache_flush_all.o)
                              ../hello_nios_bsp/\libhal_bsp.a(alt_load.o) (alt_icache_flush_all)
../hello_nios_bsp/\libhal_bsp.a(altera_nios2_gen2_irq.o)
                              ../hello_nios_bsp/\libhal_bsp.a(alt_sys_init.o) (altera_nios2_gen2_irq_init)

Memory Configuration

Name             Origin             Length             Attributes
reset            0x0000000000000400 0x0000000000000020
onchip_memory2_0 0x0000000000000420 0x00000000000003e0
*default*        0x0000000000000000 0xffffffffffffffff

Linker script and memory map

LOAD ../hello_nios_bsp//obj/HAL/src/crt0.o
LOAD obj/default/main.o
LOAD c:/altera_lite/15.1/nios2eds/bin/gnu/h-x86_64-mingw32/bin/../lib/gcc/nios2-elf/4.9.2/../../../../../H-x86_64-mingw32/nios2-elf/lib/mno-hw-mul\libstdc++.a
LOAD c:/altera_lite/15.1/nios2eds/bin/gnu/h-x86_64-mingw32/bin/../lib/gcc/nios2-elf/4.9.2/../../../../../H-x86_64-mingw32/nios2-elf/lib/mno-hw-mul\libm.a
LOAD c:/altera_lite/15.1/nios2eds/bin/gnu/h-x86_64-mingw32/bin/../lib/gcc/nios2-elf/4.9.2/mno-hw-mul\libgcc.a
START GROUP
LOAD c:/altera_lite/15.1/nios2eds/bin/gnu/h-x86_64-mingw32/bin/../lib/gcc/nios2-elf/4.9.2/../../../../../H-x86_64-mingw32/nios2-elf/lib/mno-hw-mul\libc.a
LOAD c:/altera_lite/15.1/nios2eds/bin/gnu/h-x86_64-mingw32/bin/../lib/gcc/nios2-elf/4.9.2/mno-hw-mul\libgcc.a
LOAD ../hello_nios_bsp/\libhal_bsp.a
LOAD c:/altera_lite/15.1/nios2eds/bin/gnu/h-x86_64-mingw32/bin/../lib/gcc/nios2-elf/4.9.2/../../../../../H-x86_64-mingw32/nios2-elf/lib/mno-hw-mul\libm.a
END GROUP
LOAD c:/altera_lite/15.1/nios2eds/bin/gnu/h-x86_64-mingw32/bin/../lib/gcc/nios2-elf/4.9.2/mno-hw-mul\libgcc.a
                0x0000000000000400                __alt_mem_onchip_memory2_0 = 0x400

.entry          0x0000000000000400       0x20
 *(.entry)
 .entry         0x0000000000000400       0x20 ../hello_nios_bsp//obj/HAL/src/crt0.o
                0x0000000000000400                __reset
                0x000000000000040c                _exit

.exceptions     0x0000000000000420        0x0
                0x0000000000000420                PROVIDE (__ram_exceptions_start, ABSOLUTE (.))
                0x0000000000000420                . = ALIGN (0x20)
 *(.irq)
 *(.exceptions.entry.label)
 *(.exceptions.entry.user)
 *(.exceptions.entry.ecc_fatal)
 *(.exceptions.entry)
 *(.exceptions.irqtest.user)
 *(.exceptions.irqtest)
 *(.exceptions.irqhandler.user)
 *(.exceptions.irqhandler)
 *(.exceptions.irqreturn.user)
 *(.exceptions.irqreturn)
 *(.exceptions.notirq.label)
 *(.exceptions.notirq.user)
 *(.exceptions.notirq)
 *(.exceptions.soft.user)
 *(.exceptions.soft)
 *(.exceptions.unknown.user)
 *(.exceptions.unknown)
 *(.exceptions.exit.label)
 *(.exceptions.exit.user)
 *(.exceptions.exit)
 *(.exceptions)
                0x0000000000000420                PROVIDE (__ram_exceptions_end, ABSOLUTE (.))
                0x0000000000000420                PROVIDE (__flash_exceptions_start, LOADADDR (.exceptions))

.text           0x0000000000000420      0x290
                0x0000000000000420                PROVIDE (stext, ABSOLUTE (.))
 *(.interp)
 *(.hash)
 *(.dynsym)
 *(.dynstr)
 *(.gnu.version)
 *(.gnu.version_d)
 *(.gnu.version_r)
 *(.rel.init)
 *(.rela.init)
 *(.rel.text .rel.text.* .rel.gnu.linkonce.t.*)
 *(.rela.text .rela.text.* .rela.gnu.linkonce.t.*)
 *(.rel.fini)
 *(.rela.fini)
 *(.rel.rodata .rel.rodata.* .rel.gnu.linkonce.r.*)
 *(.rela.rodata .rela.rodata.* .rela.gnu.linkonce.r.*)
 *(.rel.data .rel.data.* .rel.gnu.linkonce.d.*)
 *(.rela.data .rela.data.* .rela.gnu.linkonce.d.*)
 *(.rel.tdata .rel.tdata.* .rel.gnu.linkonce.td.*)
 *(.rela.tdata .rela.tdata.* .rela.gnu.linkonce.td.*)
 *(.rel.tbss .rel.tbss.* .rel.gnu.linkonce.tb.*)
 *(.rela.tbss .rela.tbss.* .rela.gnu.linkonce.tb.*)
 *(.rel.ctors)
 *(.rela.ctors)
 *(.rel.dtors)
 *(.rela.dtors)
 *(.rel.got)
 *(.rela.got)
 *(.rel.sdata .rel.sdata.* .rel.gnu.linkonce.s.*)
 *(.rela.sdata .rela.sdata.* .rela.gnu.linkonce.s.*)
 *(.rel.sbss .rel.sbss.* .rel.gnu.linkonce.sb.*)
 *(.rela.sbss .rela.sbss.* .rela.gnu.linkonce.sb.*)
 *(.rel.sdata2 .rel.sdata2.* .rel.gnu.linkonce.s2.*)
 *(.rela.sdata2 .rela.sdata2.* .rela.gnu.linkonce.s2.*)
 *(.rel.sbss2 .rel.sbss2.* .rel.gnu.linkonce.sb2.*)
 *(.rela.sbss2 .rela.sbss2.* .rela.gnu.linkonce.sb2.*)
 *(.rel.bss .rel.bss.* .rel.gnu.linkonce.b.*)
 *(.rela.bss .rela.bss.* .rela.gnu.linkonce.b.*)
 *(.rel.plt)
 *(.rela.plt)
 *(.rel.dyn)
 *(.init)
 *(.plt)
 *(.text .stub .text.* .gnu.linkonce.t.*)
 .text          0x0000000000000420       0x3c ../hello_nios_bsp//obj/HAL/src/crt0.o
                0x0000000000000420                _start
 .text          0x000000000000045c       0x7c obj/default/main.o
                0x000000000000045c                main
 .text          0x00000000000004d8       0xe4 ../hello_nios_bsp/\libhal_bsp.a(alt_load.o)
                0x000000000000053c                alt_load
 .text          0x00000000000005bc       0x4c ../hello_nios_bsp/\libhal_bsp.a(alt_main.o)
                0x00000000000005bc                alt_main
 .text          0x0000000000000608       0x50 ../hello_nios_bsp/\libhal_bsp.a(alt_sys_init.o)
                0x0000000000000608                alt_irq_init
                0x000000000000063c                alt_sys_init
 .text          0x0000000000000658       0x1c ../hello_nios_bsp/\libhal_bsp.a(alt_dcache_flush_all.o)
                0x0000000000000658                alt_dcache_flush_all
 .text          0x0000000000000674       0x1c ../hello_nios_bsp/\libhal_bsp.a(alt_icache_flush_all.o)
                0x0000000000000674                alt_icache_flush_all
 .text          0x0000000000000690       0x20 ../hello_nios_bsp/\libhal_bsp.a(altera_nios2_gen2_irq.o)
                0x0000000000000690                altera_nios2_gen2_irq_init
 *(.gnu.warning.*)
 *(.fini)
                0x00000000000006b0                PROVIDE (__etext, ABSOLUTE (.))
                0x00000000000006b0                PROVIDE (_etext, ABSOLUTE (.))
                0x00000000000006b0                PROVIDE (etext, ABSOLUTE (.))
 *(.eh_frame_hdr)
                0x00000000000006b0                . = ALIGN (0x4)
                0x00000000000006b0                PROVIDE (__preinit_array_start, ABSOLUTE (.))
 *(.preinit_array)
                0x00000000000006b0                PROVIDE (__preinit_array_end, ABSOLUTE (.))
                0x00000000000006b0                PROVIDE (__init_array_start, ABSOLUTE (.))
 *(.init_array)
                0x00000000000006b0                PROVIDE (__init_array_end, ABSOLUTE (.))
                0x00000000000006b0                PROVIDE (__fini_array_start, ABSOLUTE (.))
 *(.fini_array)
                0x00000000000006b0                PROVIDE (__fini_array_end, ABSOLUTE (.))
 *(.eh_frame)
 *(.gcc_except_table .gcc_except_table.*)
 *(.dynamic)
                0x00000000000006b0                PROVIDE (__CTOR_LIST__, ABSOLUTE (.))
 *(.ctors)
 *(SORT(.ctors.*))
                0x00000000000006b0                PROVIDE (__CTOR_END__, ABSOLUTE (.))
                0x00000000000006b0                PROVIDE (__DTOR_LIST__, ABSOLUTE (.))
 *(.dtors)
 *(SORT(.dtors.*))
                0x00000000000006b0                PROVIDE (__DTOR_END__, ABSOLUTE (.))
 *(.jcr)
                0x00000000000006b0                . = ALIGN (0x4)

.rodata         0x00000000000006b0        0x0
                0x00000000000006b0                PROVIDE (__ram_rodata_start, ABSOLUTE (.))
                0x00000000000006b0                . = ALIGN (0x4)
 *(.rodata .rodata.* .gnu.linkonce.r.*)
 *(.rodata1)
                0x00000000000006b0                . = ALIGN (0x4)
                0x00000000000006b0                PROVIDE (__ram_rodata_end, ABSOLUTE (.))
                0x00000000000006b0                PROVIDE (__flash_rodata_start, LOADADDR (.rodata))

.rwdata         0x00000000000006b0        0x0
                0x00000000000006b0                PROVIDE (__ram_rwdata_start, ABSOLUTE (.))
                0x00000000000006b0                . = ALIGN (0x4)
 *(.got.plt)
 *(.got)
 *(.data1)
 *(.data .data.* .gnu.linkonce.d.*)
 .data          0x00000000000006b0        0x0 ../hello_nios_bsp//obj/HAL/src/crt0.o
 .data          0x00000000000006b0        0x0 obj/default/main.o
 .data          0x00000000000006b0        0x0 ../hello_nios_bsp/\libhal_bsp.a(alt_load.o)
 .data          0x00000000000006b0        0x0 ../hello_nios_bsp/\libhal_bsp.a(alt_main.o)
 .data          0x00000000000006b0        0x0 ../hello_nios_bsp/\libhal_bsp.a(alt_sys_init.o)
 .data          0x00000000000006b0        0x0 ../hello_nios_bsp/\libhal_bsp.a(alt_dcache_flush_all.o)
 .data          0x00000000000006b0        0x0 ../hello_nios_bsp/\libhal_bsp.a(alt_icache_flush_all.o)
 .data          0x00000000000006b0        0x0 ../hello_nios_bsp/\libhal_bsp.a(altera_nios2_gen2_irq.o)
                0x00000000000086b0                _gp = ABSOLUTE ((. + 0x8000))
                0x00000000000086b0                PROVIDE (gp, _gp)
 *(.rwdata .rwdata.*)
 *(.sdata .sdata.* .gnu.linkonce.s.*)
 *(.sdata2 .sdata2.* .gnu.linkonce.s2.*)
                0x00000000000006b0                . = ALIGN (0x4)
                0x00000000000006b0                _edata = ABSOLUTE (.)
                0x00000000000006b0                PROVIDE (edata, ABSOLUTE (.))
                0x00000000000006b0                PROVIDE (__ram_rwdata_end, ABSOLUTE (.))
                0x00000000000006b0                PROVIDE (__flash_rwdata_start, LOADADDR (.rwdata))

.bss            0x00000000000006b0        0xc
                0x00000000000006b0                __bss_start = ABSOLUTE (.)
                0x00000000000006b0                PROVIDE (__sbss_start, ABSOLUTE (.))
                0x00000000000006b0                PROVIDE (___sbss_start, ABSOLUTE (.))
 *(.dynsbss)
 *(.sbss .sbss.* .gnu.linkonce.sb.*)
 .sbss          0x00000000000006b0        0xc ../hello_nios_bsp/\libhal_bsp.a(alt_main.o)
                0x00000000000006b0                alt_argc
                0x00000000000006b4                alt_argv
                0x00000000000006b8                alt_envp
 *(.sbss2 .sbss2.* .gnu.linkonce.sb2.*)
 *(.scommon)
                0x00000000000006bc                PROVIDE (__sbss_end, ABSOLUTE (.))
                0x00000000000006bc                PROVIDE (___sbss_end, ABSOLUTE (.))
 *(.dynbss)
 *(.bss .bss.* .gnu.linkonce.b.*)
 .bss           0x00000000000006bc        0x0 ../hello_nios_bsp//obj/HAL/src/crt0.o
 .bss           0x00000000000006bc        0x0 obj/default/main.o
 .bss           0x00000000000006bc        0x0 ../hello_nios_bsp/\libhal_bsp.a(alt_load.o)
 .bss           0x00000000000006bc        0x0 ../hello_nios_bsp/\libhal_bsp.a(alt_main.o)
 .bss           0x00000000000006bc        0x0 ../hello_nios_bsp/\libhal_bsp.a(alt_sys_init.o)
 .bss           0x00000000000006bc        0x0 ../hello_nios_bsp/\libhal_bsp.a(alt_dcache_flush_all.o)
 .bss           0x00000000000006bc        0x0 ../hello_nios_bsp/\libhal_bsp.a(alt_icache_flush_all.o)
 .bss           0x00000000000006bc        0x0 ../hello_nios_bsp/\libhal_bsp.a(altera_nios2_gen2_irq.o)
 *(COMMON)
                0x00000000000006bc                . = ALIGN (0x4)
                0x00000000000006bc                __bss_end = ABSOLUTE (.)

.onchip_memory2_0
                0x00000000000006bc        0x0
                0x00000000000006bc                PROVIDE (_alt_partition_onchip_memory2_0_start, ABSOLUTE (.))
 *(.onchip_memory2_0 .onchip_memory2_0. onchip_memory2_0.*)
                0x00000000000006bc                . = ALIGN (0x4)
                0x00000000000006bc                PROVIDE (_alt_partition_onchip_memory2_0_end, ABSOLUTE (.))
                0x00000000000006bc                _end = ABSOLUTE (.)
                0x00000000000006bc                end = ABSOLUTE (.)
                0x00000000000006bc                __alt_stack_base = ABSOLUTE (.)
                0x00000000000006bc                PROVIDE (_alt_partition_onchip_memory2_0_load_addr, LOADADDR (.onchip_memory2_0))

.stab
 *(.stab)

.stabstr
 *(.stabstr)

.stab.excl
 *(.stab.excl)

.stab.exclstr
 *(.stab.exclstr)

.stab.index
 *(.stab.index)

.stab.indexstr
 *(.stab.indexstr)

.comment        0x0000000000000000       0x23
 *(.comment)
 .comment       0x0000000000000000       0x23 obj/default/main.o
                                         0x24 (size before relaxing)
 .comment       0x0000000000000000       0x24 ../hello_nios_bsp/\libhal_bsp.a(alt_load.o)
 .comment       0x0000000000000000       0x24 ../hello_nios_bsp/\libhal_bsp.a(alt_main.o)
 .comment       0x0000000000000000       0x24 ../hello_nios_bsp/\libhal_bsp.a(alt_sys_init.o)
 .comment       0x0000000000000000       0x24 ../hello_nios_bsp/\libhal_bsp.a(alt_dcache_flush_all.o)
 .comment       0x0000000000000000       0x24 ../hello_nios_bsp/\libhal_bsp.a(alt_icache_flush_all.o)
 .comment       0x0000000000000000       0x24 ../hello_nios_bsp/\libhal_bsp.a(altera_nios2_gen2_irq.o)

.debug
 *(.debug)

.line
 *(.line)

.debug_srcinfo
 *(.debug_srcinfo)

.debug_sfnames
 *(.debug_sfnames)

.debug_aranges  0x0000000000000000      0x108
 *(.debug_aranges)
 .debug_aranges
                0x0000000000000000       0x28 ../hello_nios_bsp//obj/HAL/src/crt0.o
 .debug_aranges
                0x0000000000000028       0x20 obj/default/main.o
 .debug_aranges
                0x0000000000000048       0x20 ../hello_nios_bsp/\libhal_bsp.a(alt_load.o)
 .debug_aranges
                0x0000000000000068       0x20 ../hello_nios_bsp/\libhal_bsp.a(alt_main.o)
 .debug_aranges
                0x0000000000000088       0x20 ../hello_nios_bsp/\libhal_bsp.a(alt_sys_init.o)
 .debug_aranges
                0x00000000000000a8       0x20 ../hello_nios_bsp/\libhal_bsp.a(alt_dcache_flush_all.o)
 .debug_aranges
                0x00000000000000c8       0x20 ../hello_nios_bsp/\libhal_bsp.a(alt_icache_flush_all.o)
 .debug_aranges
                0x00000000000000e8       0x20 ../hello_nios_bsp/\libhal_bsp.a(altera_nios2_gen2_irq.o)

.debug_pubnames
 *(.debug_pubnames)

.debug_info     0x0000000000000000      0x648
 *(.debug_info .gnu.linkonce.wi.*)
 .debug_info    0x0000000000000000       0x68 ../hello_nios_bsp//obj/HAL/src/crt0.o
 .debug_info    0x0000000000000068       0xab obj/default/main.o
 .debug_info    0x0000000000000113      0x13e ../hello_nios_bsp/\libhal_bsp.a(alt_load.o)
 .debug_info    0x0000000000000251      0x13d ../hello_nios_bsp/\libhal_bsp.a(alt_main.o)
 .debug_info    0x000000000000038e       0xf3 ../hello_nios_bsp/\libhal_bsp.a(alt_sys_init.o)
 .debug_info    0x0000000000000481       0x8b ../hello_nios_bsp/\libhal_bsp.a(alt_dcache_flush_all.o)
 .debug_info    0x000000000000050c       0x8b ../hello_nios_bsp/\libhal_bsp.a(alt_icache_flush_all.o)
 .debug_info    0x0000000000000597       0xb1 ../hello_nios_bsp/\libhal_bsp.a(altera_nios2_gen2_irq.o)

.debug_abbrev   0x0000000000000000      0x377
 *(.debug_abbrev)
 .debug_abbrev  0x0000000000000000       0x12 ../hello_nios_bsp//obj/HAL/src/crt0.o
 .debug_abbrev  0x0000000000000012       0x6f obj/default/main.o
 .debug_abbrev  0x0000000000000081       0x9f ../hello_nios_bsp/\libhal_bsp.a(alt_load.o)
 .debug_abbrev  0x0000000000000120       0xb0 ../hello_nios_bsp/\libhal_bsp.a(alt_main.o)
 .debug_abbrev  0x00000000000001d0       0xbc ../hello_nios_bsp/\libhal_bsp.a(alt_sys_init.o)
 .debug_abbrev  0x000000000000028c       0x42 ../hello_nios_bsp/\libhal_bsp.a(alt_dcache_flush_all.o)
 .debug_abbrev  0x00000000000002ce       0x42 ../hello_nios_bsp/\libhal_bsp.a(alt_icache_flush_all.o)
 .debug_abbrev  0x0000000000000310       0x67 ../hello_nios_bsp/\libhal_bsp.a(altera_nios2_gen2_irq.o)

.debug_line     0x0000000000000000      0x3ff
 *(.debug_line)
 .debug_line    0x0000000000000000       0x66 ../hello_nios_bsp//obj/HAL/src/crt0.o
 .debug_line    0x0000000000000066       0x72 obj/default/main.o
 .debug_line    0x00000000000000d8       0x8d ../hello_nios_bsp/\libhal_bsp.a(alt_load.o)
 .debug_line    0x0000000000000165       0xc6 ../hello_nios_bsp/\libhal_bsp.a(alt_main.o)
 .debug_line    0x000000000000022b       0xa7 ../hello_nios_bsp/\libhal_bsp.a(alt_sys_init.o)
 .debug_line    0x00000000000002d2       0x51 ../hello_nios_bsp/\libhal_bsp.a(alt_dcache_flush_all.o)
 .debug_line    0x0000000000000323       0x4f ../hello_nios_bsp/\libhal_bsp.a(alt_icache_flush_all.o)
 .debug_line    0x0000000000000372       0x8d ../hello_nios_bsp/\libhal_bsp.a(altera_nios2_gen2_irq.o)

.debug_frame    0x0000000000000000      0x1b8
 *(.debug_frame)
 .debug_frame   0x0000000000000000       0x2c obj/default/main.o
 .debug_frame   0x000000000000002c       0x5c ../hello_nios_bsp/\libhal_bsp.a(alt_load.o)
 .debug_frame   0x0000000000000088       0x38 ../hello_nios_bsp/\libhal_bsp.a(alt_main.o)
 .debug_frame   0x00000000000000c0       0x5c ../hello_nios_bsp/\libhal_bsp.a(alt_sys_init.o)
 .debug_frame   0x000000000000011c       0x34 ../hello_nios_bsp/\libhal_bsp.a(alt_dcache_flush_all.o)
 .debug_frame   0x0000000000000150       0x34 ../hello_nios_bsp/\libhal_bsp.a(alt_icache_flush_all.o)
 .debug_frame   0x0000000000000184       0x34 ../hello_nios_bsp/\libhal_bsp.a(altera_nios2_gen2_irq.o)

.debug_str      0x0000000000000000      0x377
 *(.debug_str)
 .debug_str     0x0000000000000000       0xc4 obj/default/main.o
                                         0xfc (size before relaxing)
 .debug_str     0x00000000000000c4      0x12e ../hello_nios_bsp/\libhal_bsp.a(alt_load.o)
                                        0x1ef (size before relaxing)
 .debug_str     0x00000000000001f2       0x96 ../hello_nios_bsp/\libhal_bsp.a(alt_main.o)
                                        0x19c (size before relaxing)
 .debug_str     0x0000000000000288       0x4c ../hello_nios_bsp/\libhal_bsp.a(alt_sys_init.o)
                                        0x173 (size before relaxing)
 .debug_str     0x00000000000002d4       0x34 ../hello_nios_bsp/\libhal_bsp.a(alt_dcache_flush_all.o)
                                        0x132 (size before relaxing)
 .debug_str     0x0000000000000308       0x34 ../hello_nios_bsp/\libhal_bsp.a(alt_icache_flush_all.o)
                                        0x132 (size before relaxing)
 .debug_str     0x000000000000033c       0x3b ../hello_nios_bsp/\libhal_bsp.a(altera_nios2_gen2_irq.o)
                                        0x162 (size before relaxing)

.debug_loc
 *(.debug_loc)

.debug_macinfo
 *(.debug_macinfo)

.debug_weaknames
 *(.debug_weaknames)

.debug_funcnames
 *(.debug_funcnames)

.debug_typenames
 *(.debug_typenames)

.debug_varnames
 *(.debug_varnames)

.debug_alt_sim_info
                0x0000000000000000       0x10
 *(.debug_alt_sim_info)
 .debug_alt_sim_info
                0x0000000000000000       0x10 ../hello_nios_bsp//obj/HAL/src/crt0.o
                0x0000000000000800                __alt_data_end = 0x800
                0x0000000000000800                PROVIDE (__alt_stack_pointer, __alt_data_end)
                0x00000000000006bc                PROVIDE (__alt_stack_limit, __alt_stack_base)
                0x00000000000006bc                PROVIDE (__alt_heap_start, end)
                0x0000000000000800                PROVIDE (__alt_heap_limit, 0x800)
OUTPUT(hello_nios.elf elf32-littlenios2)

.debug_ranges   0x0000000000000000       0x20
 .debug_ranges  0x0000000000000000       0x20 ../hello_nios_bsp//obj/HAL/src/crt0.o
